// Jest Snapshot v1, https://goo.gl/fbAQLP

exports[`test matrix decode from any supported device 1`] = `
Object {
  "battery": 88,
  "humidity": 51,
  "tempInC": 18.351,
  "tempInF": 65.0318,
}
`;

exports[`test matrix decode from any supported device 2`] = `
Object {
  "battery": 64,
  "humidity": 49.6,
  "tempInC": 19.6496,
  "tempInF": 67.36928,
}
`;

exports[`test matrix decode from any supported device 3`] = `
Object {
  "battery": 88,
  "humidity": 45.3,
  "tempInC": 21.7453,
  "tempInF": 71.14153999999999,
}
`;

exports[`test matrix decode from any supported device 4`] = `
Object {
  "battery": 95,
  "humidity": 95.3,
  "tempInC": 19.8953,
  "tempInF": 67.81154,
}
`;

exports[`test matrix decode from any supported device 5`] = `
Object {
  "battery": 100,
  "humidity": 31,
  "tempInC": 35.031,
  "tempInF": 95.0558,
}
`;

exports[`test matrix decode from any supported device 6`] = `
Object {
  "battery": 100,
  "humidity": 32.5,
  "tempInC": 20.2325,
  "tempInF": 68.41850000000001,
}
`;

exports[`test matrix decode from any supported device 7`] = `
Object {
  "battery": 100,
  "humidity": 55.81,
  "tempInC": 5.21,
  "tempInF": 41.378,
}
`;

exports[`test matrix decode from any supported device 8`] = `
Object {
  "battery": 100,
  "humidity": 54.3,
  "tempInC": 11.63,
  "tempInF": 52.934,
}
`;

exports[`test matrix decode from any supported device 9`] = `
Object {
  "battery": 100,
  "humidity": 37,
  "tempInC": 24.2,
  "tempInF": 75.56,
}
`;
